// Jest Snapshot v1, https://goo.gl/fbAQLP

exports[`baseFilterTest.graphql 1`] = `
Object {
  "data": Object {
    "allUsers": Object {
      "nodes": Array [
        Object {
          "email": "email1",
          "id": 1,
          "userExtraInfoByUserId": Object {
            "email": "email1",
            "id": 1,
          },
        },
        Object {
          "email": "email2",
          "id": 2,
          "userExtraInfoByUserId": Object {
            "email": "email2",
            "id": 2,
          },
        },
      ],
    },
  },
}
`;
